// Jest Snapshot v1, https://goo.gl/fbAQLP

exports[`mutations update user input 1`] = `
Object {
  "data": Object {
    "updateMe": Object {
      "email": "some_new_email@email.com",
    },
  },
  "errors": undefined,
  "extensions": undefined,
  "http": Object {
    "headers": Headers {
      Symbol(map): Object {},
    },
  },
}
`;
